// Jest Snapshot v1, https://goo.gl/fbAQLP

exports[`Mi App debe ejecutar 1`] = `
<div
  className="container-fluid px-0 h-100"
>
  <AutenticancionProveedor>
    <Encabezado />
    <Routes>
      <Route
        element={<PaginaInicio />}
        path="/"
      />
      <Route
        element={
          <RequerirAutenticacion
            redirectTo="/"
          >
            <Avances />
          </RequerirAutenticacion>
        }
        path="/avances"
      />
      <Route
        element={
          <RequerirAutenticacion
            redirectTo="/"
          >
            <Administracion />
          </RequerirAutenticacion>
        }
        path="/proyectos"
      />
      <Route
        element={
          <RequerirAutenticacion
            redirectTo="/"
          >
            <Administracion />
          </RequerirAutenticacion>
        }
        path="/estudiantes"
      />
      <Route
        element={<PaginaAcercaDe />}
        path="/acercade"
      />
      <Route
        element={<PaginaContacto />}
        path="/contacto"
      />
      <Route
        element={<PaginaNoEncontrada />}
        path="*"
      />
    </Routes>
    <Pie />
  </AutenticancionProveedor>
</div>
`;
